[bestwpware.com/html/tf/matias-tailwind/index04b9.html]
[backblue.gif]
[fade.gif]
[index.html]
[bestwpware.com/html/tf/matias-tailwind/assets/img/logo/favicon.png]
[bestwpware.com/html/tf/matias-tailwind/assets/js/tailwindCongfig.js]
[bestwpware.com/html/tf/matias-tailwind/assets/css/magnific-popup.css]
[bestwpware.com/html/tf/matias-tailwind/assets/css/swiper-bundle.min.css]
[bestwpware.com/html/tf/matias-tailwind/assets/css/aos.css]
[cdn.jsdelivr.net/npm/bootstrap-icons@1.10.2/font/bootstrap-icons.css]
[bestwpware.com/html/tf/matias-tailwind/assets/css/style.css]
[bestwpware.com/html/tf/matias-tailwind/index.html]
[bestwpware.com/html/tf/matias-tailwind/assets/img/logo/logo.png]
[bestwpware.com/html/tf/matias-tailwind/services.html]
[bestwpware.com/html/tf/matias-tailwind/serviceDetails.html]
[bestwpware.com/html/tf/matias-tailwind/blogDetails.html]
[bestwpware.com/html/tf/matias-tailwind/contact.html]
[bestwpware.com/html/tf/matias-tailwind/assets/img/banner/bn-arrow.png]
[bestwpware.com/html/tf/matias-tailwind/assets/img/banner/banner-man.png]
[bestwpware.com/html/tf/matias-tailwind/assets/img/banner/dial.png]
[bestwpware.com/html/tf/matias-tailwind/blogs.html]
[bestwpware.com/html/tf/matias-tailwind/assets/img/banner/scroll-down.png]
[bestwpware.com/html/tf/matias-tailwind/assets/img/banner/ts1.png]
[bestwpware.com/html/tf/matias-tailwind/assets/img/banner/ts2.png]
[bestwpware.com/html/tf/matias-tailwind/assets/img/banner/ts3.png]
[bestwpware.com/html/tf/matias-tailwind/assets/img/banner/ts4.png]
[bestwpware.com/html/tf/matias-tailwind/assets/img/about/section-star.png]
[bestwpware.com/html/tf/matias-tailwind/about]
[bestwpware.com/html/tf/matias-tailwind/experience]
[bestwpware.com/html/tf/matias-tailwind/education]
[bestwpware.com/html/tf/matias-tailwind/skills]
[bestwpware.com/html/tf/matias-tailwind/assets/img/about/personal-infothumb.png]
[bestwpware.com/html/tf/matias-tailwind/assets/img/about/html.png]
[bestwpware.com/html/tf/matias-tailwind/assets/img/about/figma.png]
[bestwpware.com/html/tf/matias-tailwind/assets/img/about/word.png]
[bestwpware.com/html/tf/matias-tailwind/assets/img/about/boot.png]
[bestwpware.com/html/tf/matias-tailwind/assets/img/banner/ts5.png]
[bestwpware.com/html/tf/matias-tailwind/assets/img/banner/ts6.png]
[bestwpware.com/html/tf/matias-tailwind/assets/img/banner/ts7.png]
[bestwpware.com/html/tf/matias-tailwind/assets/img/banner/ts8.png]
[bestwpware.com/html/tf/matias-tailwind/assets/img/project/pro1.png]
[bestwpware.com/html/tf/matias-tailwind/protfolio.html]
[bestwpware.com/html/tf/matias-tailwind/assets/img/project/pro3.png]
[bestwpware.com/html/tf/matias-tailwind/assets/img/project/pro5.png]
[bestwpware.com/html/tf/matias-tailwind/assets/img/project/pro2.png]
[bestwpware.com/html/tf/matias-tailwind/assets/img/project/pro4.png]
[bestwpware.com/html/tf/matias-tailwind/assets/img/project/pro6.png]
[bestwpware.com/html/tf/matias-tailwind/assets/img/project/project-need.png]
[bestwpware.com/html/tf/matias-tailwind/s]
[bestwpware.com/html/tf/matias-tailwind/assets/img/testimonial/quote.png]
[bestwpware.com/html/tf/matias-tailwind/assets/img/testimonial/man1.png]
[bestwpware.com/html/tf/matias-tailwind/assets/img/testimonial/man3.png]
[bestwpware.com/html/tf/matias-tailwind/assets/img/testimonial/man2.png]
[bestwpware.com/html/tf/matias-tailwind/assets/img/testimonial/testi-arrow.png]
[bestwpware.com/html/tf/matias-tailwind/assets/img/blog/bblog1.png]
[bestwpware.com/html/tf/matias-tailwind/assets/img/blog/bblog2.png]
[bestwpware.com/html/tf/matias-tailwind/assets/img/blog/bblog3.png]
[bestwpware.com/html/tf/matias-tailwind/assets/js/jquery-3.7.0.min.js]
[bestwpware.com/html/tf/matias-tailwind/assets/js/swiper-bundle.min.js]
[bestwpware.com/html/tf/matias-tailwind/assets/js/jquery.magnific-popup.min.js]
[bestwpware.com/html/tf/matias-tailwind/assets/js/aos.js]
[bestwpware.com/html/tf/matias-tailwind/assets/js/index.js]
[bestwpware.com/html/tf/matias-tailwind/assets/js/main.js]
[bestwpware.com/html/tf/matias-tailwind/index04b9.html]
[bestwpware.com/html/tf/matias-tailwind/assets/css/magnific-popup.css]
[bestwpware.com/html/tf/matias-tailwind/assets/css/swiper-bundle.min.css]
[bestwpware.com/html/tf/matias-tailwind/assets/css/aos.css]
[cdn.jsdelivr.net/npm/bootstrap-icons@1.10.2/font/fonts/bootstrap-iconsbf04.woff2]
[cdn.jsdelivr.net/npm/bootstrap-icons@1.10.2/font/fonts/bootstrap-iconsbf04.woff]
[cdn.jsdelivr.net/npm/bootstrap-icons@1.10.2/font/bootstrap-icons.css]
[bestwpware.com/html/tf/matias-tailwind/assets/css/style.css]
[bestwpware.com/html/tf/matias-tailwind/index.html]
[bestwpware.com/html/tf/matias-tailwind/assets/img/project/basic.png]
[bestwpware.com/html/tf/matias-tailwind/assets/img/project/warranty.png]
[bestwpware.com/html/tf/matias-tailwind/assets/img/project/premium-quality.png]
[bestwpware.com/html/tf/matias-tailwind/services.html]
[bestwpware.com/html/tf/matias-tailwind/assets/img/project/ser-dv1.png]
[bestwpware.com/html/tf/matias-tailwind/assets/img/project/ser-dv2.png]
[bestwpware.com/html/tf/matias-tailwind/assets/img/contact/ser-detialcontact.png]
[bestwpware.com/html/tf/matias-tailwind/assets/js/serviceDetails.js]
[bestwpware.com/html/tf/matias-tailwind/serviceDetails.html]
[bestwpware.com/html/tf/matias-tailwind/assets/img/blog/bsmall1.png]
[bestwpware.com/html/tf/matias-tailwind/assets/img/blog/bsmall2.png]
[bestwpware.com/html/tf/matias-tailwind/assets/img/blog/bsmall3.png]
[bestwpware.com/html/tf/matias-tailwind/blogs.html]
[bestwpware.com/html/tf/matias-tailwind/assets/img/blog/straight-quotes.png]
[bestwpware.com/html/tf/matias-tailwind/assets/img/blog/blog-detailsb2.png]
[bestwpware.com/html/tf/matias-tailwind/blogDetails.html]
[bestwpware.com/html/tf/matias-tailwind/contact.html]
[bestwpware.com/html/tf/matias-tailwind/about.html]
[bestwpware.com/html/tf/matias-tailwind/experience.html]
[bestwpware.com/html/tf/matias-tailwind/education.html]
[bestwpware.com/html/tf/matias-tailwind/skills.html]
[bestwpware.com/cdn-cgi/scripts/5c5dd728/cloudflare-static/email-decode.min.js]
[bestwpware.com/html/tf/matias-tailwind/all]
[bestwpware.com/html/tf/matias-tailwind/branding_app]
[bestwpware.com/html/tf/matias-tailwind/los_app]
[bestwpware.com/html/tf/matias-tailwind/landing_page]
[bestwpware.com/html/tf/matias-tailwind/website]
[bestwpware.com/html/tf/matias-tailwind/all, los_app]
[bestwpware.com/html/tf/matias-tailwind/protfolioDetails.html]
[bestwpware.com/html/tf/matias-tailwind/all, website, branding_app.51.delayed]
[bestwpware.com/html/tf/matias-tailwind/all, landing_page]
[bestwpware.com/html/tf/matias-tailwind/all, branding_app]
[bestwpware.com/html/tf/matias-tailwind/assets/js/protfolio.js]
[bestwpware.com/html/tf/matias-tailwind/protfolio.html]
[bestwpware.com/html/tf/matias-tailwind/s.html]
[bestwpware.com/html/tf/matias-tailwind/all.html]
[bestwpware.com/html/tf/matias-tailwind/branding_app.html]
[bestwpware.com/html/tf/matias-tailwind/los_app.html]
[bestwpware.com/html/tf/matias-tailwind/landing_page.html]
[bestwpware.com/html/tf/matias-tailwind/website.html]
[bestwpware.com/html/tf/matias-tailwind/all, los_app.html]
[bestwpware.com/html/tf/matias-tailwind/assets/img/protfolio/prot-detailsbig.png]
[bestwpware.com/html/tf/matias-tailwind/assets/img/protfolio/prot-detials1.png]
[bestwpware.com/html/tf/matias-tailwind/assets/img/protfolio/prot-detials2.png]
[bestwpware.com/html/tf/matias-tailwind/protfolioDetails.html]
[bestwpware.com/html/tf/matias-tailwind/all, website, branding_app.html]
[bestwpware.com/html/tf/matias-tailwind/all, landing_page.html]
[bestwpware.com/html/tf/matias-tailwind/all, branding_app.html]
